// Jest Snapshot v1, https://goo.gl/fbAQLP

exports[`should correctly render the LoadingPage 1`] = `
<div
  class="loader"
>
  <img
    className="loader__image"
    src="/images/loader.gif"
  />
</div>
`;

exports[`should render Loading page correctly 1`] = `
<div
  class="loader"
>
  <img
    className="loader__image"
    src="/images/loader.gif"
  />
</div>
`;
